stm32f4xx_hal_msp.c:67:6:HAL_MspInit	8	static
stm32f4xx_hal_msp.c:89:6:HAL_ADC_MspInit	48	static
stm32f4xx_hal_msp.c:141:6:HAL_ADC_MspDeInit	8	static
stm32f4xx_hal_msp.c:171:6:HAL_I2C_MspInit	48	static
stm32f4xx_hal_msp.c:207:6:HAL_I2C_MspDeInit	0	static
stm32f4xx_hal_msp.c:236:6:HAL_I2S_MspInit	48	static
stm32f4xx_hal_msp.c:282:6:HAL_I2S_MspDeInit	8	static
stm32f4xx_hal_msp.c:315:6:HAL_SPI_MspInit	48	static
stm32f4xx_hal_msp.c:352:6:HAL_SPI_MspDeInit	0	static
stm32f4xx_hal_msp.c:382:6:HAL_TIM_PWM_MspInit	8	static
stm32f4xx_hal_msp.c:398:6:HAL_TIM_MspPostInit	32	static
stm32f4xx_hal_msp.c:430:6:HAL_TIM_PWM_MspDeInit	0	static
stm32f4xx_hal_msp.c:452:6:HAL_UART_MspInit	48	static
stm32f4xx_hal_msp.c:491:6:HAL_UART_MspDeInit	8	static
